// Jest Snapshot v1, https://goo.gl/fbAQLP

exports[`Route Test Route Test 1`] = `
<div>
  <input
    data-testid="input"
    inputMode="numeric"
    onBlur={[Function]}
    onChange={[Function]}
    onFocus={[Function]}
    onKeyDown={[Function]}
    onMouseUp={[Function]}
    type="text"
    value=""
  />
  <button
    data-testid="filter"
    onClick={[Function]}
    type="button"
  >
    filter
  </button>
  <div
    data-testid="total"
  >
    $0.00
  </div>
  <div
    className="sc-iCoGMd bKHGAZ"
  >
    <div
      className="sc-pNWdM berFUR"
    >
      <div
        className="sc-fujyAs bhoPUr"
      >
        Results
      </div>
      <div
        className="sc-jrsJWt lmIyZj"
      >
        <div
          data-testid="loading"
        >
          Loading...
        </div>
      </div>
    </div>
    <div
      className="sc-pNWdM berFUR"
    >
      <div
        className="sc-fujyAs bhoPUr"
      >
        Saved Properties
      </div>
      <div
        className="sc-jrsJWt lmIyZj"
      >
        <div
          data-testid="loading"
        >
          Loading...
        </div>
      </div>
    </div>
  </div>
</div>
`;
